// Jest Snapshot v1, https://goo.gl/fbAQLP

exports[`Basic App Snapshot snapshot renders 1`] = `
<div>
  <svg
    height={500}
    width={500}
  >
    <g
      transform="translate(250 250)"
    />
  </svg>
  <br />
  <button
    onClick={[Function]}
  >
    Add Person
  </button>
  <button
    onClick={[Function]}
  >
    Start Conversation
  </button>
  <button
    onClick={[Function]}
  >
    Stop Conversation
  </button>
  <div />
</div>
`;
