// Jest Snapshot v1, https://goo.gl/fbAQLP

exports[`Basic App Snapshot snapshot renders 1`] = `
<div>
  <br />
  <button
    onClick={[Function]}
  >
    Add Person
  </button>
  <button
    onClick={[Function]}
  >
    Start Conversation
  </button>
  <button
    onClick={[Function]}
  >
    Stop Conversation
  </button>
</div>
`;
